tar: This does not look like a tar archive
tar: Exiting with failure status due to previous errors
adb: device offline
Traceback (most recent call last):
  File "/home/isa/PocketLore-control/scale-workers/ui/repo/../evidence-redesign/run-repaired.py", line 20, in <module>
    tar=subprocess.check_output(adb+['exec-out','run-as','org.pocketlore.app','tar','-C','files/ui-redesign-'+mode,'-cf','-','.']);(ev/(mode+'.tar')).write_bytes(tar);subprocess.run(['tar','-xf',str(ev/(mode+'.tar')),'-C',str(output)],check=True)
                                                                                                                                                                       ~~~~~~~~~~~~~~^^^^^^^^^^^^^^^^^^^^^^^^^^^^^^^^^^^^^^^^^^^^^^^^^^^^^^^^^^^^^^^^^
  File "/usr/lib/python3.14/subprocess.py", line 578, in run
    raise CalledProcessError(retcode, process.args,
                             output=stdout, stderr=stderr)
subprocess.CalledProcessError: Command '['tar', '-xf', '/home/isa/PocketLore-control/scale-workers/ui/evidence-redesign/repaired-default.tar', '-C', '/home/isa/PocketLore-control/scale-workers/ui/evidence-redesign/repaired-default']' returned non-zero exit status 2.

During handling of the above exception, another exception occurred:

Traceback (most recent call last):
  File "/home/isa/PocketLore-control/scale-workers/ui/repo/../evidence-redesign/run-repaired.py", line 24, in <module>
    else:subprocess.run(adb+['shell','settings','put','system','font_scale',previous],check=True)
         ~~~~~~~~~~~~~~^^^^^^^^^^^^^^^^^^^^^^^^^^^^^^^^^^^^^^^^^^^^^^^^^^^^^^^^^^^^^^^^^^^^^^^^^^
  File "/usr/lib/python3.14/subprocess.py", line 578, in run
    raise CalledProcessError(retcode, process.args,
                             output=stdout, stderr=stderr)
subprocess.CalledProcessError: Command '['/home/isa/Android/atlas-toolchain/sdk/platform-tools/adb', '-s', 'emulator-5564', 'shell', 'settings', 'put', 'system', 'font_scale', '1.0']' returned non-zero exit status 1.
