{
  "run_id": "5ba4d5a975464d9f81bbbb60d16c76bc",
  "status": "PROVISIONAL_COMPLETE",
  "mode": "short",
  "pid": 6,
  "code": {
    "production.py": "1faa842a3da3ae1c8f4ae1a4ad41d3e8b60ded8872b3ce5ebb3668f3c27daec6",
    "compact.py": "3c0632516f55af2fa45855024e133fe3cb11fa5d60a55cdcd96cc58124290d54"
  },
  "stage": "/home/isa/Projects/PocketLore/downloads/complete-source-ownership/controls-8xwluz20/refusal-progress/stage.sqlite",
  "ceiling": 1,
  "follow": false,
  "source_admission_established": false,
  "distribution_ready": false,
  "resume_ingest_allowed": false,
  "previous_run": null,
  "process_limits": {
    "cpu_soft_hard_seconds": [
      31,
      41
    ],
    "address_space_limit_bytes": 402653184,
    "cpu_affinity": [
      0
    ]
  },
  "workers": 1,
  "phase": "complete",
  "memory": {
    "VmSize": 37928960,
    "VmRSS": 26267648,
    "VmSwap": 0,
    "ru_maxrss_bytes": 86732800
  },
  "storage": {
    "logical_bytes": 79874,
    "allocated_bytes": 102400,
    "files": {
      ".producer.lock": {
        "logical": 0,
        "allocated": 0
      },
      "owner.json": {
        "logical": 375,
        "allocated": 4096
      },
      "progress.jsonl": {
        "logical": 1109,
        "allocated": 4096
      },
      "index.sqlite": {
        "logical": 61440,
        "allocated": 61440
      },
      "status.json": {
        "logical": 3169,
        "allocated": 4096
      },
      "event-1791248146823183985.json": {
        "logical": 970,
        "allocated": 4096
      },
      "event-1791248146890874080.json": {
        "logical": 1603,
        "allocated": 4096
      },
      "event-1791248146901107581.json": {
        "logical": 1747,
        "allocated": 4096
      },
      "event-1791248146906874292.json": {
        "logical": 2024,
        "allocated": 4096
      },
      "event-1791248146916072055.json": {
        "logical": 2099,
        "allocated": 4096
      },
      "event-1791248146920900744.json": {
        "logical": 2169,
        "allocated": 4096
      },
      "event-1791248146925678028.json": {
        "logical": 3169,
        "allocated": 4096
      }
    },
    "free_host_bytes": 426739675136
  },
  "updated_epoch": 1791248146.9301362,
  "cgroup": {
    "path": "/sys/fs/cgroup/user.slice/user-1000.slice/user@1000.service/app.slice/pocketlore-runner.service",
    "memory.max": "max",
    "memory.swap.max": "max",
    "memory.current": "1464995840",
    "memory.peak": "3095171072",
    "cpu.max": "max 100000",
    "pids.max": "38092",
    "pids.current": "111"
  },
  "host_memory": {
    "MemTotal": 33421807616,
    "MemAvailable": 3269996544
  },
  "committed_through": 1,
  "chain": "1c358ae5983605d916f5614da79b20d7031f0467276b040e468b534ffd8ac14a",
  "all_record_bindings_rechecked": 2,
  "whole_original_identity_matched": false,
  "full_source_admission_established": false,
  "complete_original_coverage_not_rights": false,
  "archive_receipts": {
    "acquisition": {},
    "stage": {}
  },
  "counts": {
    "dispositions": 2,
    "latest": 1,
    "blocked": 1,
    "articles": 1,
    "passages": 1
  },
  "dispositions": {
    "oversized_unverified": 1,
    "transformed": 1
  },
  "licenses": {
    "CC-BY-SA-3.0": 1
  },
  "flag_free_not_admitted": 1,
  "storage_before_hash": {
    "logical_bytes": 75705,
    "allocated_bytes": 98304,
    "files": {
      ".producer.lock": {
        "logical": 0,
        "allocated": 0
      },
      "owner.json": {
        "logical": 375,
        "allocated": 4096
      },
      "progress.jsonl": {
        "logical": 1109,
        "allocated": 4096
      },
      "index.sqlite": {
        "logical": 61440,
        "allocated": 61440
      },
      "status.json": {
        "logical": 2169,
        "allocated": 4096
      },
      "event-1791248146823183985.json": {
        "logical": 970,
        "allocated": 4096
      },
      "event-1791248146890874080.json": {
        "logical": 1603,
        "allocated": 4096
      },
      "event-1791248146901107581.json": {
        "logical": 1747,
        "allocated": 4096
      },
      "event-1791248146906874292.json": {
        "logical": 2024,
        "allocated": 4096
      },
      "event-1791248146916072055.json": {
        "logical": 2099,
        "allocated": 4096
      },
      "event-1791248146920900744.json": {
        "logical": 2169,
        "allocated": 4096
      }
    },
    "free_host_bytes": 426739675136,
    "page_count": 15,
    "freelist_count": 0,
    "page_size": 4096
  },
  "index_sha256": "f4470cbd515718b60b09e27766323e8537b530d875cbf9a234e3cb037697840c"
}
