WARNING: The directory '/home/isa/.cache/pip' or its parent directory is not owned or is not writable by the current user. The cache has been disabled. Check the permissions and owner of that directory. If executing pip with sudo, you should use sudo's -H flag.
Collecting spacy==3.7.5
  Downloading spacy-3.7.5-cp312-cp312-manylinux_2_17_x86_64.manylinux2014_x86_64.whl.metadata (27 kB)
Collecting numpy==1.26.4
  Downloading numpy-1.26.4-cp312-cp312-manylinux_2_17_x86_64.manylinux2014_x86_64.whl.metadata (61 kB)
Collecting spacy-legacy<3.1.0,>=3.0.11 (from spacy==3.7.5)
  Downloading spacy_legacy-3.0.12-py2.py3-none-any.whl.metadata (2.8 kB)
Collecting spacy-loggers<2.0.0,>=1.0.0 (from spacy==3.7.5)
  Downloading spacy_loggers-1.0.5-py3-none-any.whl.metadata (23 kB)
Collecting murmurhash<1.1.0,>=0.28.0 (from spacy==3.7.5)
  Downloading murmurhash-1.0.15-cp312-cp312-manylinux1_x86_64.manylinux2014_x86_64.manylinux_2_17_x86_64.manylinux_2_5_x86_64.whl.metadata (2.3 kB)
Collecting cymem<2.1.0,>=2.0.2 (from spacy==3.7.5)
  Downloading cymem-2.0.13-cp312-cp312-manylinux2014_x86_64.manylinux_2_17_x86_64.whl.metadata (9.7 kB)
Collecting preshed<3.1.0,>=3.0.2 (from spacy==3.7.5)
  Downloading preshed-3.0.13-cp312-cp312-manylinux2014_x86_64.manylinux_2_17_x86_64.whl.metadata (5.2 kB)
Collecting thinc<8.3.0,>=8.2.2 (from spacy==3.7.5)
  Downloading thinc-8.2.5-cp312-cp312-manylinux_2_17_x86_64.manylinux2014_x86_64.whl.metadata (15 kB)
Collecting wasabi<1.2.0,>=0.9.1 (from spacy==3.7.5)
  Downloading wasabi-1.1.3-py3-none-any.whl.metadata (28 kB)
Collecting srsly<3.0.0,>=2.4.3 (from spacy==3.7.5)
  Downloading srsly-2.5.4-cp312-cp312-manylinux2014_x86_64.manylinux_2_17_x86_64.whl.metadata (19 kB)
Collecting catalogue<2.1.0,>=2.0.6 (from spacy==3.7.5)
  Downloading catalogue-2.0.10-py3-none-any.whl.metadata (14 kB)
Collecting weasel<0.5.0,>=0.1.0 (from spacy==3.7.5)
  Downloading weasel-0.4.3-py3-none-any.whl.metadata (4.6 kB)
Collecting typer<1.0.0,>=0.3.0 (from spacy==3.7.5)
  Downloading typer-0.27.2-py3-none-any.whl.metadata (16 kB)
Collecting tqdm<5.0.0,>=4.38.0 (from spacy==3.7.5)
  Downloading tqdm-4.70.1-py3-none-any.whl.metadata (57 kB)
Collecting requests<3.0.0,>=2.13.0 (from spacy==3.7.5)
  Downloading requests-2.34.2-py3-none-any.whl.metadata (4.8 kB)
Collecting pydantic!=1.8,!=1.8.1,<3.0.0,>=1.7.4 (from spacy==3.7.5)
  Downloading pydantic-2.13.5-py3-none-any.whl.metadata (110 kB)
Collecting jinja2 (from spacy==3.7.5)
  Downloading jinja2-3.1.6-py3-none-any.whl.metadata (2.9 kB)
Collecting setuptools (from spacy==3.7.5)
  Downloading setuptools-84.0.0-py3-none-any.whl.metadata (6.6 kB)
Collecting packaging>=20.0 (from spacy==3.7.5)
  Downloading packaging-26.3-py3-none-any.whl.metadata (3.5 kB)
Collecting langcodes<4.0.0,>=3.2.0 (from spacy==3.7.5)
  Downloading langcodes-3.5.1-py3-none-any.whl.metadata (30 kB)
Collecting annotated-types>=0.6.0 (from pydantic!=1.8,!=1.8.1,<3.0.0,>=1.7.4->spacy==3.7.5)
  Downloading annotated_types-0.8.0-py3-none-any.whl.metadata (15 kB)
Collecting pydantic-core==2.46.5 (from pydantic!=1.8,!=1.8.1,<3.0.0,>=1.7.4->spacy==3.7.5)
  Downloading pydantic_core-2.46.5-cp312-cp312-manylinux_2_17_x86_64.manylinux2014_x86_64.whl.metadata (6.6 kB)
Collecting typing-extensions>=4.14.1 (from pydantic!=1.8,!=1.8.1,<3.0.0,>=1.7.4->spacy==3.7.5)
  Downloading typing_extensions-4.16.0-py3-none-any.whl.metadata (3.3 kB)
Collecting typing-inspection>=0.4.2 (from pydantic!=1.8,!=1.8.1,<3.0.0,>=1.7.4->spacy==3.7.5)
  Downloading typing_inspection-0.4.4-py3-none-any.whl.metadata (2.6 kB)
Collecting charset_normalizer<4,>=2 (from requests<3.0.0,>=2.13.0->spacy==3.7.5)
  Downloading charset_normalizer-3.5.2-cp312-cp312-manylinux2014_x86_64.manylinux_2_17_x86_64.manylinux_2_28_x86_64.whl.metadata (46 kB)
Collecting idna<4,>=2.5 (from requests<3.0.0,>=2.13.0->spacy==3.7.5)
  Downloading idna-3.20-py3-none-any.whl.metadata (7.2 kB)
Collecting urllib3<3,>=1.26 (from requests<3.0.0,>=2.13.0->spacy==3.7.5)
  Downloading urllib3-2.8.0-py3-none-any.whl.metadata (7.4 kB)
Collecting certifi>=2023.5.7 (from requests<3.0.0,>=2.13.0->spacy==3.7.5)
  Downloading certifi-2026.7.22-py3-none-any.whl.metadata (2.5 kB)
Collecting blis<0.8.0,>=0.7.8 (from thinc<8.3.0,>=8.2.2->spacy==3.7.5)
  Downloading blis-0.7.11-cp312-cp312-manylinux_2_17_x86_64.manylinux2014_x86_64.whl.metadata (7.4 kB)
Collecting confection<1.0.0,>=0.0.1 (from thinc<8.3.0,>=8.2.2->spacy==3.7.5)
  Downloading confection-0.1.5-py3-none-any.whl.metadata (19 kB)
Collecting shellingham>=1.3.0 (from typer<1.0.0,>=0.3.0->spacy==3.7.5)
  Downloading shellingham-1.5.4-py2.py3-none-any.whl.metadata (3.5 kB)
Collecting rich>=13.8.0 (from typer<1.0.0,>=0.3.0->spacy==3.7.5)
  Downloading rich-15.0.0-py3-none-any.whl.metadata (18 kB)
Collecting annotated-doc>=0.0.2 (from typer<1.0.0,>=0.3.0->spacy==3.7.5)
  Downloading annotated_doc-0.0.5-py3-none-any.whl.metadata (6.5 kB)
Collecting typer-slim<1.0.0,>=0.3.0 (from weasel<0.5.0,>=0.1.0->spacy==3.7.5)
  Downloading typer_slim-0.24.0-py3-none-any.whl.metadata (4.2 kB)
Collecting cloudpathlib<1.0.0,>=0.7.0 (from weasel<0.5.0,>=0.1.0->spacy==3.7.5)
  Downloading cloudpathlib-0.25.0-py3-none-any.whl.metadata (16 kB)
Collecting smart-open<8.0.0,>=5.2.1 (from weasel<0.5.0,>=0.1.0->spacy==3.7.5)
  Downloading smart_open-7.7.1-py3-none-any.whl.metadata (25 kB)
Collecting MarkupSafe>=2.0 (from jinja2->spacy==3.7.5)
  Downloading markupsafe-3.0.3-cp312-cp312-manylinux2014_x86_64.manylinux_2_17_x86_64.manylinux_2_28_x86_64.whl.metadata (2.7 kB)
Collecting markdown-it-py>=2.2.0 (from rich>=13.8.0->typer<1.0.0,>=0.3.0->spacy==3.7.5)
  Downloading markdown_it_py-4.2.0-py3-none-any.whl.metadata (7.4 kB)
Collecting pygments<3.0.0,>=2.13.0 (from rich>=13.8.0->typer<1.0.0,>=0.3.0->spacy==3.7.5)
  Downloading pygments-2.21.0-py3-none-any.whl.metadata (2.5 kB)
Collecting wrapt (from smart-open<8.0.0,>=5.2.1->weasel<0.5.0,>=0.1.0->spacy==3.7.5)
  Downloading wrapt-2.5.0-cp312-cp312-manylinux1_x86_64.manylinux_2_28_x86_64.manylinux_2_5_x86_64.whl.metadata (7.6 kB)
Collecting mdurl~=0.1 (from markdown-it-py>=2.2.0->rich>=13.8.0->typer<1.0.0,>=0.3.0->spacy==3.7.5)
  Downloading mdurl-0.1.2-py3-none-any.whl.metadata (1.6 kB)
Downloading spacy-3.7.5-cp312-cp312-manylinux_2_17_x86_64.manylinux2014_x86_64.whl (6.5 MB)
   ━━━━━━━━━━━━━━━━━━━━━━━━━━━━━━━━━━━━━━━━ 6.5/6.5 MB 64.0 MB/s eta 0:00:00
Downloading numpy-1.26.4-cp312-cp312-manylinux_2_17_x86_64.manylinux2014_x86_64.whl (18.0 MB)
   ━━━━━━━━━━━━━━━━━━━━━━━━━━━━━━━━━━━━━━━━ 18.0/18.0 MB 87.0 MB/s eta 0:00:00
Downloading catalogue-2.0.10-py3-none-any.whl (17 kB)
Downloading cymem-2.0.13-cp312-cp312-manylinux2014_x86_64.manylinux_2_17_x86_64.whl (260 kB)
Downloading langcodes-3.5.1-py3-none-any.whl (183 kB)
Downloading murmurhash-1.0.15-cp312-cp312-manylinux1_x86_64.manylinux2014_x86_64.manylinux_2_17_x86_64.manylinux_2_5_x86_64.whl (134 kB)
Downloading packaging-26.3-py3-none-any.whl (129 kB)
Downloading preshed-3.0.13-cp312-cp312-manylinux2014_x86_64.manylinux_2_17_x86_64.whl (868 kB)
   ━━━━━━━━━━━━━━━━━━━━━━━━━━━━━━━━━━━━━━━━ 869.0/869.0 kB 87.5 MB/s eta 0:00:00
Downloading pydantic-2.13.5-py3-none-any.whl (472 kB)
Downloading pydantic_core-2.46.5-cp312-cp312-manylinux_2_17_x86_64.manylinux2014_x86_64.whl (2.1 MB)
   ━━━━━━━━━━━━━━━━━━━━━━━━━━━━━━━━━━━━━━━━ 2.1/2.1 MB 82.9 MB/s eta 0:00:00
Downloading requests-2.34.2-py3-none-any.whl (73 kB)
Downloading spacy_legacy-3.0.12-py2.py3-none-any.whl (29 kB)
Downloading spacy_loggers-1.0.5-py3-none-any.whl (22 kB)
Downloading srsly-2.5.4-cp312-cp312-manylinux2014_x86_64.manylinux_2_17_x86_64.whl (1.2 MB)
   ━━━━━━━━━━━━━━━━━━━━━━━━━━━━━━━━━━━━━━━━ 1.2/1.2 MB 75.4 MB/s eta 0:00:00
Downloading thinc-8.2.5-cp312-cp312-manylinux_2_17_x86_64.manylinux2014_x86_64.whl (865 kB)
   ━━━━━━━━━━━━━━━━━━━━━━━━━━━━━━━━━━━━━━━ 865.0/865.0 kB 119.0 MB/s eta 0:00:00
Downloading tqdm-4.70.1-py3-none-any.whl (80 kB)
Downloading typer-0.27.2-py3-none-any.whl (123 kB)
Downloading wasabi-1.1.3-py3-none-any.whl (27 kB)
Downloading weasel-0.4.3-py3-none-any.whl (50 kB)
Downloading jinja2-3.1.6-py3-none-any.whl (134 kB)
Downloading setuptools-84.0.0-py3-none-any.whl (818 kB)
   ━━━━━━━━━━━━━━━━━━━━━━━━━━━━━━━━━━━━━━━ 818.2/818.2 kB 107.2 MB/s eta 0:00:00
Downloading annotated_doc-0.0.5-py3-none-any.whl (5.3 kB)
Downloading annotated_types-0.8.0-py3-none-any.whl (13 kB)
Downloading blis-0.7.11-cp312-cp312-manylinux_2_17_x86_64.manylinux2014_x86_64.whl (10.2 MB)
   ━━━━━━━━━━━━━━━━━━━━━━━━━━━━━━━━━━━━━━━━ 10.2/10.2 MB 80.2 MB/s eta 0:00:00
Downloading certifi-2026.7.22-py3-none-any.whl (136 kB)
Downloading charset_normalizer-3.5.2-cp312-cp312-manylinux2014_x86_64.manylinux_2_17_x86_64.manylinux_2_28_x86_64.whl (257 kB)
Downloading cloudpathlib-0.25.0-py3-none-any.whl (66 kB)
Downloading confection-0.1.5-py3-none-any.whl (35 kB)
Downloading idna-3.20-py3-none-any.whl (69 kB)
Downloading markupsafe-3.0.3-cp312-cp312-manylinux2014_x86_64.manylinux_2_17_x86_64.manylinux_2_28_x86_64.whl (22 kB)
Downloading rich-15.0.0-py3-none-any.whl (310 kB)
Downloading shellingham-1.5.4-py2.py3-none-any.whl (9.8 kB)
Downloading smart_open-7.7.1-py3-none-any.whl (65 kB)
Downloading typer_slim-0.24.0-py3-none-any.whl (3.4 kB)
Downloading typing_extensions-4.16.0-py3-none-any.whl (45 kB)
Downloading typing_inspection-0.4.4-py3-none-any.whl (14 kB)
Downloading urllib3-2.8.0-py3-none-any.whl (135 kB)
Downloading markdown_it_py-4.2.0-py3-none-any.whl (91 kB)
Downloading pygments-2.21.0-py3-none-any.whl (1.3 MB)
   ━━━━━━━━━━━━━━━━━━━━━━━━━━━━━━━━━━━━━━━━ 1.3/1.3 MB 80.2 MB/s eta 0:00:00
Downloading wrapt-2.5.0-cp312-cp312-manylinux1_x86_64.manylinux_2_28_x86_64.manylinux_2_5_x86_64.whl (250 kB)
Downloading mdurl-0.1.2-py3-none-any.whl (10.0 kB)
Installing collected packages: wrapt, wasabi, urllib3, typing-extensions, tqdm, spacy-loggers, spacy-legacy, shellingham, setuptools, pygments, packaging, numpy, murmurhash, mdurl, MarkupSafe, langcodes, idna, cymem, cloudpathlib, charset_normalizer, certifi, catalogue, annotated-types, annotated-doc, typing-inspection, srsly, smart-open, requests, pydantic-core, preshed, markdown-it-py, jinja2, blis, rich, pydantic, typer, confection, typer-slim, thinc, weasel, spacy
Successfully installed MarkupSafe-3.0.3 annotated-doc-0.0.5 annotated-types-0.8.0 blis-0.7.11 catalogue-2.0.10 certifi-2026.7.22 charset_normalizer-3.5.2 cloudpathlib-0.25.0 confection-0.1.5 cymem-2.0.13 idna-3.20 jinja2-3.1.6 langcodes-3.5.1 markdown-it-py-4.2.0 mdurl-0.1.2 murmurhash-1.0.15 numpy-1.26.4 packaging-26.3 preshed-3.0.13 pydantic-2.13.5 pydantic-core-2.46.5 pygments-2.21.0 requests-2.34.2 rich-15.0.0 setuptools-84.0.0 shellingham-1.5.4 smart-open-7.7.1 spacy-3.7.5 spacy-legacy-3.0.12 spacy-loggers-1.0.5 srsly-2.5.4 thinc-8.2.5 tqdm-4.70.1 typer-0.27.2 typer-slim-0.24.0 typing-extensions-4.16.0 typing-inspection-0.4.4 urllib3-2.8.0 wasabi-1.1.3 weasel-0.4.3 wrapt-2.5.0

[notice] A new release of pip is available: 25.0.1 -> 26.2.1
[notice] To update, run: python3.12 -m pip install --upgrade pip
