/home/isa/Projects/PocketLore/downloads/resources/run-20261001T013649Z
{
  "status": "PASS",
  "scope": "Actual emulator JNI and disk measurements; injected callback/storage controls; no physical acceptance",
  "checks": 25,
  "artifacts": {
    "android/app/build/outputs/apk/debug/app-debug.apk": {
      "bytes": 17794384,
      "sha256": "27f9d7824be8b843db7b7238c39c56893005c09f808267cf72e765c87fe0789b"
    },
    "android/app/build/outputs/apk/androidTest/debug/app-debug-androidTest.apk": {
      "bytes": 130306,
      "sha256": "e8c3e7c83fcf1c4615d17a6a05b2fa943efae2e81a6e2e20e54a3604a34be868"
    },
    "assets/water-science.tsv": {
      "uncompressed_bytes": 5380,
      "compressed_bytes": 2200,
      "sha256": "a39d54b412f469086bd1ee96425245e36f446ac1a77b0b5730c60e5603084492"
    },
    "assets/dc-monuments.tsv": {
      "uncompressed_bytes": 909,
      "compressed_bytes": 444,
      "sha256": "6cb245864d7b42facc8b987d7e4843f795b87912062d09a8bbddcdc034877924"
    },
    "lib/arm64-v8a/libpocketlore.so": {
      "uncompressed_bytes": 5594632,
      "compressed_bytes": 5594632,
      "sha256": "7b4f93a27ebb039fc0e20ebf1584647887cc2e6f205fab375020a4d5e2264607"
    },
    "lib/x86_64/libpocketlore.so": {
      "uncompressed_bytes": 6074216,
      "compressed_bytes": 6074216,
      "sha256": "e8daa8b88affff3cdcfb186ee00d4e97f07fef47a959b0296acb00133f6b7656"
    }
  },
  "results_sha256": "fcdf974c2fce127d4c769c51b3edd96b597b94fc516428185d249a4ba8e7ecaa"
}
