Generating 2,048 bit RSA key pair and self-signed certificate (SHA256withRSA) with a validity of 10,000 days
	for: CN=Android Debug, O=Android, C=US
To honour the JVM settings for this build a single-use Daemon process will be forked. For more on this, please refer to https://docs.gradle.org/8.13/userguide/gradle_daemon.html#sec:disabling_the_daemon in the Gradle documentation.
Daemon will be stopped at the end of the build 

> Configure project :app
Unable to initialize metrics, ensure /home/isa/.android is writable, details: /home/isa/.android/analytics.settings (Read-only file system)

[Incubating] Problems report is available at: file:///home/isa/Projects/PocketLore/android/build/reports/problems/problems-report.html

FAILURE: Build failed with an exception.

* Where:
Initialization script '/home/isa/Projects/PocketLore/tools/release/debug-signing.gradle' line: 4

* What went wrong:
It is too late to set storeFilePath
It has already been read to configure this project.
Consider either moving this call to be during evaluation,
or using the variant API.

* Try:
> Run with --stacktrace option to get the stack trace.
> Run with --info or --debug option to get more log output.
> Run with --scan to get full insights.
> Get more help at https://help.gradle.org.

Deprecated Gradle features were used in this build, making it incompatible with Gradle 9.0.

You can use '--warning-mode all' to show the individual deprecation warnings and determine if they come from your own scripts or plugins.

For more on this, please refer to https://docs.gradle.org/8.13/userguide/command_line_interface.html#sec:command_line_warnings in the Gradle documentation.

BUILD FAILED in 3s
