/home/isa/Projects/PocketLore/downloads/runtime/SmolLM2-135M-Instruct-Q3_K_M.gguf: OK
PASS: 12 answer routing, citation integrity, fallback and cancellation checks (synthetic generator; not model quality)
PASS: 8 retrieval, abstention, corruption and citation contract checks
Performing Streamed Install
Success
Performing Streamed Install
Success
/home/isa/Projects/PocketLore/downloads/runtime/SmolLM2-135M-Instruct-Q3_K_M.gguf: 1 file pushed, 0 skipped. 327.5 MB/s (93511232 bytes in 0.272s)
{
  "status": "pass",
  "environment": "emulator only",
  "model_sha256": "61c69fc5ce91982e26c625d43be5c3c7f0f774da22f4fa4e45c37a80a22ddad4",
  "checks": [
    "local SAF import and explicit copy-size confirmation",
    "imported model hash matches pinned GGUF",
    "saved model reload after process restart",
    "source provenance dialog from live answer flow"
  ]
}
android.util.AndroidException: INSTRUMENTATION_FAILED: org.pocketlore.app.test/org.pocketlore.app.AnswerSmokeInstrumentation
	at com.android.commands.am.Instrument.run(Instrument.java:543)
	at com.android.commands.am.Am.runInstrument(Am.java:213)
	at com.android.commands.am.Am.onRun(Am.java:85)
	at com.android.internal.os.BaseCommand.run(BaseCommand.java:62)
	at com.android.commands.am.Am.main(Am.java:54)
	at com.android.internal.os.RuntimeInit.nativeFinishInit(Native Method)
	at com.android.internal.os.RuntimeInit.main(RuntimeInit.java:369)
smoke_exit=1 evidence=/home/isa/Projects/PocketLore/downloads/answers/smoke-20260930T222713-2
