INFO         | Android emulator version 37.1.11.0 (build_id 15917651) (CL:N/A)
INFO         | Graphics backend: gfxstream
INFO         | Found systemPath /home/isa/Android/atlas-toolchain/sdk/system-images/android-35/default/x86_64/
INFO         | Changing default hw.initialOrientation to portrait

INFO         | Increasing RAM size to 2560MB
INFO         | Guest GLES Driver: Auto (ext controls)
INFO         | emuglConfig_init: vulkan_mode_selected:swiftshader gles_mode_selected:swiftshader
INFO         | Checking system compatibility:
INFO         |   Checking: hasSufficientDiskSpace
INFO         |      Ok: Disk space requirements to run avd: `pocketlore_runtime_api35` are met
INFO         |   Checking: hasSufficientHwGpu
INFO         |      Ok: Hardware GPU compatibility checks are not required
INFO         |   Checking: hasSufficientSystem
INFO         |      Ok: System requirements to run avd: `pocketlore_runtime_api35` are met
WARNING      | File System is not ext4, disable QuickbootFileBacked feature
ERROR        | x86_64 emulation currently requires hardware acceleration!
CPU acceleration status: /dev/kvm is not found: VT disabled in BIOS or KVM kernel module not loaded
More info on configuring VM acceleration on Linux:
https://developer.android.com/studio/run/emulator-acceleration#vm-linux
General information on acceleration: https://developer.android.com/studio/run/emulator-acceleration.

