{
  "run_id": "ffccc3e434a741a1ab3ac130e34fe0e9",
  "status": "PROVISIONAL_COMPLETE",
  "mode": "short",
  "pid": 5,
  "code": {
    "production.py": "c0cd1766b6cda2c125bc2631e88ced8701d159734fb1099bdc1d5a6689a88dad",
    "compact.py": "3c0632516f55af2fa45855024e133fe3cb11fa5d60a55cdcd96cc58124290d54"
  },
  "stage": "/home/isa/PocketLore-control/overnight-20261005/source-original-staging/run-originals/original-records.sqlite",
  "ceiling": 5999,
  "follow": false,
  "source_admission_established": false,
  "distribution_ready": false,
  "resume_ingest_allowed": false,
  "previous_run": "a4444788321f46faa26acecd1721007a",
  "process_limits": {
    "cpu_soft_hard_seconds": [
      181,
      191
    ],
    "address_space_limit_bytes": 402653184,
    "cpu_affinity": [
      0
    ]
  },
  "workers": 1,
  "phase": "complete",
  "memory": {
    "VmSize": 61034496,
    "VmRSS": 49074176,
    "VmSwap": 0,
    "ru_maxrss_bytes": 54317056
  },
  "storage": {
    "logical_bytes": 47657005,
    "allocated_bytes": 47685632,
    "files": {
      ".producer.lock": {
        "logical": 0,
        "allocated": 0
      },
      "owner.json": {
        "logical": 374,
        "allocated": 4096
      },
      "progress.jsonl": {
        "logical": 94315,
        "allocated": 98304
      },
      "index.sqlite": {
        "logical": 47538176,
        "allocated": 47538176
      },
      "failure-a4444788321f46faa26acecd1721007a.json": {
        "logical": 1824,
        "allocated": 4096
      },
      "status.json": {
        "logical": 3696,
        "allocated": 4096
      },
      "event-1791247588460825834.json": {
        "logical": 971,
        "allocated": 4096
      },
      "event-1791247588546553423.json": {
        "logical": 1604,
        "allocated": 4096
      },
      "event-1791247589256411571.json": {
        "logical": 1373,
        "allocated": 4096
      },
      "event-1791247589269248516.json": {
        "logical": 1857,
        "allocated": 4096
      },
      "event-1791247639367518720.json": {
        "logical": 2014,
        "allocated": 4096
      },
      "event-1791247639502061142.json": {
        "logical": 2293,
        "allocated": 4096
      },
      "event-1791247648275117850.json": {
        "logical": 2371,
        "allocated": 4096
      },
      "event-1791247652067817847.json": {
        "logical": 2441,
        "allocated": 4096
      },
      "event-1791247652163259760.json": {
        "logical": 3696,
        "allocated": 4096
      }
    },
    "free_host_bytes": 432092581888
  },
  "updated_epoch": 1791247652.1973152,
  "cgroup": {
    "path": "/sys/fs/cgroup/user.slice/user-1000.slice/user@1000.service/app.slice/pocketlore-runner.service",
    "memory.max": "max",
    "memory.swap.max": "max",
    "memory.current": "1172246528",
    "memory.peak": "3095171072",
    "cpu.max": "max 100000",
    "pids.max": "38092",
    "pids.current": "114"
  },
  "host_memory": {
    "MemTotal": 33421807616,
    "MemAvailable": 3170742272
  },
  "committed_through": 5999,
  "chain": "f25162cbae431fc0d1de753cb70dc6f163ef0373df98ce3c797b1c7475a39371",
  "all_record_bindings_rechecked": 6000,
  "whole_original_identity_matched": false,
  "full_source_admission_established": false,
  "complete_original_coverage_not_rights": false,
  "archive_receipts": {
    "acquisition": {},
    "stage": {}
  },
  "counts": {
    "dispositions": 6000,
    "latest": 5999,
    "blocked": 55,
    "articles": 5944,
    "passages": 15752
  },
  "dispositions": {
    "excluded": 55,
    "superseded": 1,
    "transformed": 5944
  },
  "licenses": {
    "CC-BY-SA-3.0": 5944
  },
  "flag_free_not_admitted": 40,
  "storage_before_hash": {
    "logical_bytes": 47652054,
    "allocated_bytes": 47681536,
    "files": {
      ".producer.lock": {
        "logical": 0,
        "allocated": 0
      },
      "owner.json": {
        "logical": 374,
        "allocated": 4096
      },
      "progress.jsonl": {
        "logical": 94315,
        "allocated": 98304
      },
      "index.sqlite": {
        "logical": 47538176,
        "allocated": 47538176
      },
      "failure-a4444788321f46faa26acecd1721007a.json": {
        "logical": 1824,
        "allocated": 4096
      },
      "status.json": {
        "logical": 2441,
        "allocated": 4096
      },
      "event-1791247588460825834.json": {
        "logical": 971,
        "allocated": 4096
      },
      "event-1791247588546553423.json": {
        "logical": 1604,
        "allocated": 4096
      },
      "event-1791247589256411571.json": {
        "logical": 1373,
        "allocated": 4096
      },
      "event-1791247589269248516.json": {
        "logical": 1857,
        "allocated": 4096
      },
      "event-1791247639367518720.json": {
        "logical": 2014,
        "allocated": 4096
      },
      "event-1791247639502061142.json": {
        "logical": 2293,
        "allocated": 4096
      },
      "event-1791247648275117850.json": {
        "logical": 2371,
        "allocated": 4096
      },
      "event-1791247652067817847.json": {
        "logical": 2441,
        "allocated": 4096
      }
    },
    "free_host_bytes": 432092581888,
    "page_count": 11606,
    "freelist_count": 160,
    "page_size": 4096
  },
  "index_sha256": "a7868426bbc1cb1b7c59fd441d8e782d366a2ed0dec05d0cbbcc516c3f0ebf43"
}
