WARNING: The directory '/home/isa/.cache/pip' or its parent directory is not owned or is not writable by the current user. The cache has been disabled. Check the permissions and owner of that directory. If executing pip with sudo, you should use sudo's -H flag.
Collecting onnxruntime==1.24.1
  Downloading onnxruntime-1.24.1-cp314-cp314-manylinux_2_27_x86_64.manylinux_2_28_x86_64.whl.metadata (4.9 kB)
Collecting tokenizers==0.22.1
  Downloading tokenizers-0.22.1-cp39-abi3-manylinux_2_17_x86_64.manylinux2014_x86_64.whl.metadata (6.8 kB)
Collecting numpy==2.3.3
  Downloading numpy-2.3.3-cp314-cp314-manylinux_2_27_x86_64.manylinux_2_28_x86_64.whl.metadata (62 kB)
Collecting flatbuffers (from onnxruntime==1.24.1)
  Downloading flatbuffers-25.12.19-py2.py3-none-any.whl.metadata (1.0 kB)
Collecting packaging (from onnxruntime==1.24.1)
  Downloading packaging-26.3-py3-none-any.whl.metadata (3.5 kB)
Collecting protobuf (from onnxruntime==1.24.1)
  Downloading protobuf-7.36.2-cp310-abi3-manylinux2014_x86_64.whl.metadata (595 bytes)
Collecting sympy (from onnxruntime==1.24.1)
  Downloading sympy-1.14.0-py3-none-any.whl.metadata (12 kB)
Collecting huggingface-hub<2.0,>=0.16.4 (from tokenizers==0.22.1)
  Downloading huggingface_hub-1.33.0-py3-none-any.whl.metadata (16 kB)
Collecting click<9.0.0,>=8.4.2 (from huggingface-hub<2.0,>=0.16.4->tokenizers==0.22.1)
  Downloading click-8.5.0-py3-none-any.whl.metadata (2.6 kB)
Collecting filelock>=3.10.0 (from huggingface-hub<2.0,>=0.16.4->tokenizers==0.22.1)
  Downloading filelock-4.0.8-py3-none-any.whl.metadata (2.0 kB)
Collecting fsspec>=2023.5.0 (from huggingface-hub<2.0,>=0.16.4->tokenizers==0.22.1)
  Downloading fsspec-2026.9.0-py3-none-any.whl.metadata (10 kB)
Collecting hf-xet<2.0.0,>=1.6.0 (from huggingface-hub<2.0,>=0.16.4->tokenizers==0.22.1)
  Downloading hf_xet-1.6.0-cp38-abi3-manylinux2014_x86_64.manylinux_2_17_x86_64.whl.metadata (4.9 kB)
Collecting httpx<1,>=0.23.0 (from huggingface-hub<2.0,>=0.16.4->tokenizers==0.22.1)
  Downloading httpx-0.28.1-py3-none-any.whl.metadata (7.1 kB)
Collecting pyyaml>=5.1 (from huggingface-hub<2.0,>=0.16.4->tokenizers==0.22.1)
  Downloading pyyaml-6.0.3-cp314-cp314-manylinux2014_x86_64.manylinux_2_17_x86_64.manylinux_2_28_x86_64.whl.metadata (2.4 kB)
Collecting tqdm>=4.42.1 (from huggingface-hub<2.0,>=0.16.4->tokenizers==0.22.1)
  Downloading tqdm-4.70.1-py3-none-any.whl.metadata (57 kB)
Collecting typing-extensions>=4.1.0 (from huggingface-hub<2.0,>=0.16.4->tokenizers==0.22.1)
  Downloading typing_extensions-4.16.0-py3-none-any.whl.metadata (3.3 kB)
Collecting anyio (from httpx<1,>=0.23.0->huggingface-hub<2.0,>=0.16.4->tokenizers==0.22.1)
  Downloading anyio-4.15.1-py3-none-any.whl.metadata (4.7 kB)
Collecting certifi (from httpx<1,>=0.23.0->huggingface-hub<2.0,>=0.16.4->tokenizers==0.22.1)
  Downloading certifi-2026.7.22-py3-none-any.whl.metadata (2.5 kB)
Collecting httpcore==1.* (from httpx<1,>=0.23.0->huggingface-hub<2.0,>=0.16.4->tokenizers==0.22.1)
  Downloading httpcore-1.0.9-py3-none-any.whl.metadata (21 kB)
Collecting idna (from httpx<1,>=0.23.0->huggingface-hub<2.0,>=0.16.4->tokenizers==0.22.1)
  Downloading idna-3.20-py3-none-any.whl.metadata (7.2 kB)
Collecting h11>=0.16 (from httpcore==1.*->httpx<1,>=0.23.0->huggingface-hub<2.0,>=0.16.4->tokenizers==0.22.1)
  Downloading h11-0.16.0-py3-none-any.whl.metadata (8.3 kB)
Collecting mpmath<1.4,>=1.1.0 (from sympy->onnxruntime==1.24.1)
  Downloading mpmath-1.3.0-py3-none-any.whl.metadata (8.6 kB)
Downloading onnxruntime-1.24.1-cp314-cp314-manylinux_2_27_x86_64.manylinux_2_28_x86_64.whl (17.1 MB)
   ━━━━━━━━━━━━━━━━━━━━━━━━━━━━━━━━━━━━━━━━ 17.1/17.1 MB 88.6 MB/s  0:00:00
Downloading tokenizers-0.22.1-cp39-abi3-manylinux_2_17_x86_64.manylinux2014_x86_64.whl (3.3 MB)
   ━━━━━━━━━━━━━━━━━━━━━━━━━━━━━━━━━━━━━━━━ 3.3/3.3 MB 79.0 MB/s  0:00:00
Downloading numpy-2.3.3-cp314-cp314-manylinux_2_27_x86_64.manylinux_2_28_x86_64.whl (16.6 MB)
   ━━━━━━━━━━━━━━━━━━━━━━━━━━━━━━━━━━━━━━━━ 16.6/16.6 MB 81.8 MB/s  0:00:00
Downloading huggingface_hub-1.33.0-py3-none-any.whl (846 kB)
   ━━━━━━━━━━━━━━━━━━━━━━━━━━━━━━━━━━━━━━━━ 846.4/846.4 kB 130.0 MB/s  0:00:00
Downloading click-8.5.0-py3-none-any.whl (125 kB)
Downloading hf_xet-1.6.0-cp38-abi3-manylinux2014_x86_64.manylinux_2_17_x86_64.whl (4.5 MB)
   ━━━━━━━━━━━━━━━━━━━━━━━━━━━━━━━━━━━━━━━━ 4.5/4.5 MB 78.7 MB/s  0:00:00
Downloading httpx-0.28.1-py3-none-any.whl (73 kB)
Downloading httpcore-1.0.9-py3-none-any.whl (78 kB)
Downloading filelock-4.0.8-py3-none-any.whl (109 kB)
Downloading fsspec-2026.9.0-py3-none-any.whl (221 kB)
Downloading h11-0.16.0-py3-none-any.whl (37 kB)
Downloading packaging-26.3-py3-none-any.whl (129 kB)
Downloading pyyaml-6.0.3-cp314-cp314-manylinux2014_x86_64.manylinux_2_17_x86_64.manylinux_2_28_x86_64.whl (794 kB)
   ━━━━━━━━━━━━━━━━━━━━━━━━━━━━━━━━━━━━━━━━ 794.2/794.2 kB 110.6 MB/s  0:00:00
Downloading tqdm-4.70.1-py3-none-any.whl (80 kB)
Downloading typing_extensions-4.16.0-py3-none-any.whl (45 kB)
Downloading anyio-4.15.1-py3-none-any.whl (132 kB)
Downloading idna-3.20-py3-none-any.whl (69 kB)
Downloading certifi-2026.7.22-py3-none-any.whl (136 kB)
Downloading flatbuffers-25.12.19-py2.py3-none-any.whl (26 kB)
Downloading protobuf-7.36.2-cp310-abi3-manylinux2014_x86_64.whl (343 kB)
Downloading sympy-1.14.0-py3-none-any.whl (6.3 MB)
   ━━━━━━━━━━━━━━━━━━━━━━━━━━━━━━━━━━━━━━━━ 6.3/6.3 MB 84.0 MB/s  0:00:00
Downloading mpmath-1.3.0-py3-none-any.whl (536 kB)
   ━━━━━━━━━━━━━━━━━━━━━━━━━━━━━━━━━━━━━━━━ 536.2/536.2 kB 158.2 MB/s  0:00:00
Installing collected packages: mpmath, flatbuffers, typing-extensions, tqdm, sympy, pyyaml, protobuf, packaging, numpy, idna, hf-xet, h11, fsspec, filelock, click, certifi, onnxruntime, httpcore, anyio, httpx, huggingface-hub, tokenizers

Successfully installed anyio-4.15.1 certifi-2026.7.22 click-8.5.0 filelock-4.0.8 flatbuffers-25.12.19 fsspec-2026.9.0 h11-0.16.0 hf-xet-1.6.0 httpcore-1.0.9 httpx-0.28.1 huggingface-hub-1.33.0 idna-3.20 mpmath-1.3.0 numpy-2.3.3 onnxruntime-1.24.1 packaging-26.3 protobuf-7.36.2 pyyaml-6.0.3 sympy-1.14.0 tokenizers-0.22.1 tqdm-4.70.1 typing-extensions-4.16.0
