Independent binding behavioral checks: 29
Pairs: 994
{
  "artifact_behavior": "PASS",
  "builder_assessed_counts": {
    "old_useful_eligible": 8,
    "new_useful_eligible": 5,
    "unsupported_eligible": 8,
    "old_absent_withheld": 8,
    "new_absent_withheld": 1,
    "eligible": 29,
    "withheld": 74,
    "historical_unsupported_eligible": 2,
    "probe_false_approvals": 1,
    "probe_false_rejections": 3
  },
  "independent_review": "pending"
}
Traceback (most recent call last):
  File "/home/isa/Projects/PocketLore/tools/evaluation/independent-linking/verify.py", line 111, in <module>
    if __name__=='__main__':main()
                            ~~~~^^
  File "/home/isa/Projects/PocketLore/tools/evaluation/independent-linking/verify.py", line 109, in main
    if failures:raise AssertionError('QUALITY FAIL: '+'; '.join(failures))
                ^^^^^^^^^^^^^^^^^^^^^^^^^^^^^^^^^^^^^^^^^^^^^^^^^^^^^^^^^^
AssertionError: QUALITY FAIL: Unsupported eligible prose remains; Constructed unsupported probe admitted
