Traceback (most recent call last):
  File "/home/isa/Projects/PocketLore/tools/evaluation/fact-frames/prepare.py", line 17, in <module>
    command=['/usr/bin/time','-f','maximum_rss_kib=%M\nexit=%x','-o',str(out/'parser-memory.txt'),str(TC/'jdk/bin/java'),'-Xmx256m','-cp',str(classes),'org.pocketlore.app.FrameHarness',str(inputs),str(out/'results')];start=time.monotonic();v=subprocess.run(command,capture_output=True,text=True,timeout=120);(out/'stdout.txt').write_text(v.stdout);(out/'stderr.txt').write_text(v.stderr);(out/'receipt.json').write_text(json.dumps({'exit_code':v.returncode,'command':command,'elapsed_s':time.monotonic()-start,'artifacts':{str(p.relative_to(out)):sha(p) for p in out.rglob('*') if p.is_file() and 'classes' not in p.parts}},indent=2)+'\n');print('Frame replay',v.returncode,out);raise SystemExit(v.returncode)
                                                                                                                                                                                                                                                  ~~~~~~~~~~~~~~^^^^^^^^^^^^^^^^^^^^^^^^^^^^^^^^^^^^^^^^^^^^^^^^^^^
  File "/usr/lib/python3.14/subprocess.py", line 555, in run
    with Popen(*popenargs, **kwargs) as process:
         ~~~~~^^^^^^^^^^^^^^^^^^^^^^
  File "/usr/lib/python3.14/subprocess.py", line 1039, in __init__
    self._execute_child(args, executable, preexec_fn, close_fds,
    ~~~~~~~~~~~~~~~~~~~^^^^^^^^^^^^^^^^^^^^^^^^^^^^^^^^^^^^^^^^^
                        pass_fds, cwd, env,
                        ^^^^^^^^^^^^^^^^^^^
    ...<5 lines>...
                        gid, gids, uid, umask,
                        ^^^^^^^^^^^^^^^^^^^^^^
                        start_new_session, process_group)
                        ^^^^^^^^^^^^^^^^^^^^^^^^^^^^^^^^^
  File "/usr/lib/python3.14/subprocess.py", line 1875, in _execute_child
    self._posix_spawn(args, executable, env, restore_signals, close_fds,
    ~~~~~~~~~~~~~~~~~^^^^^^^^^^^^^^^^^^^^^^^^^^^^^^^^^^^^^^^^^^^^^^^^^^^
                      p2cread, p2cwrite,
                      ^^^^^^^^^^^^^^^^^^
                      c2pread, c2pwrite,
                      ^^^^^^^^^^^^^^^^^^
                      errread, errwrite)
                      ^^^^^^^^^^^^^^^^^^
  File "/usr/lib/python3.14/subprocess.py", line 1819, in _posix_spawn
    self.pid = os.posix_spawn(executable, args, env, **kwargs)
               ~~~~~~~~~~~~~~^^^^^^^^^^^^^^^^^^^^^^^^^^^^^^^^^
FileNotFoundError: [Errno 2] No such file or directory: '/usr/bin/time'
