{
  "status": "PASS",
  "output": "/home/isa/Projects/PocketLore/downloads/attachments/runs/20261001T231424Z",
  "checks": 57,
  "receipt": {
    "serial": "emulator-5560",
    "artifacts": {
      "app-debug.apk": {
        "bytes": 22637269,
        "sha256": "2ad38d240ad4264627d3c1319c032dc88731a63332c48b4f6102b1a67cb213d1"
      },
      "app-debug-androidTest.apk": {
        "bytes": 369070,
        "sha256": "539f93fcde35d3baec7856a7534f4d7fb104f827d82db8678c1cd82e6612ce73"
      }
    },
    "results_sha256": "7102b72510c742e1066d6ff91c8f7cb67536bfe51157c5a3b2fef3e7c9201cb2",
    "status": "PASS",
    "model_and_catalog_unchanged": true,
    "model_bytes": 81817803,
    "artifact_mutations": [
      "changed",
      "missing"
    ],
    "alignment": "both ABI LOAD and APK16KB passed"
  }
}
