[  0%] Building C object whisper/ggml/src/CMakeFiles/ggml-base.dir/ggml.c.o
[  0%] Building CXX object tesseract/CMakeFiles/libtesseract.dir/src/api/altorenderer.cpp.o
[  1%] Building CXX object whisper/ggml/src/CMakeFiles/ggml-base.dir/ggml.cpp.o
[  2%] Building CXX object tesseract/CMakeFiles/libtesseract.dir/src/api/baseapi.cpp.o
[  2%] Building C object whisper/ggml/src/CMakeFiles/ggml-base.dir/ggml-alloc.c.o
[  3%] Building CXX object whisper/ggml/src/CMakeFiles/ggml-base.dir/ggml-backend.cpp.o
[  3%] Building CXX object whisper/ggml/src/CMakeFiles/ggml-base.dir/ggml-opt.cpp.o
[  4%] Building CXX object whisper/ggml/src/CMakeFiles/ggml-base.dir/ggml-threading.cpp.o
[  5%] Building CXX object tesseract/CMakeFiles/libtesseract.dir/src/api/capi.cpp.o
[  5%] Building C object whisper/ggml/src/CMakeFiles/ggml-base.dir/ggml-quants.c.o
[  5%] Building CXX object tesseract/CMakeFiles/libtesseract.dir/src/api/hocrrenderer.cpp.o
[  6%] Building CXX object tesseract/CMakeFiles/libtesseract.dir/src/api/lstmboxrenderer.cpp.o
[  6%] Building CXX object tesseract/CMakeFiles/libtesseract.dir/src/api/pagerenderer.cpp.o
[  7%] Building CXX object whisper/ggml/src/CMakeFiles/ggml-base.dir/gguf.cpp.o
[  8%] Building CXX object tesseract/CMakeFiles/libtesseract.dir/src/api/pdfrenderer.cpp.o
[  9%] Linking CXX static library libggml-base.a
[  9%] Built target ggml-base
[  9%] Building CXX object tesseract/CMakeFiles/libtesseract.dir/src/api/renderer.cpp.o
[  9%] Building C object whisper/ggml/src/CMakeFiles/ggml-cpu.dir/ggml-cpu/ggml-cpu.c.o
[ 10%] Building CXX object whisper/ggml/src/CMakeFiles/ggml-cpu.dir/ggml-cpu/ggml-cpu.cpp.o
[ 11%] Building CXX object tesseract/CMakeFiles/libtesseract.dir/src/api/wordstrboxrenderer.cpp.o
[ 11%] Building CXX object whisper/ggml/src/CMakeFiles/ggml-cpu.dir/ggml-cpu/repack.cpp.o
[ 11%] Building CXX object tesseract/CMakeFiles/libtesseract.dir/src/ccmain/applybox.cpp.o
[ 12%] Building CXX object whisper/ggml/src/CMakeFiles/ggml-cpu.dir/ggml-cpu/hbm.cpp.o
[ 12%] Building C object whisper/ggml/src/CMakeFiles/ggml-cpu.dir/ggml-cpu/quants.c.o
[ 13%] Building CXX object tesseract/CMakeFiles/libtesseract.dir/src/ccmain/control.cpp.o
[ 14%] Building CXX object whisper/ggml/src/CMakeFiles/ggml-cpu.dir/ggml-cpu/traits.cpp.o
[ 14%] Building CXX object whisper/ggml/src/CMakeFiles/ggml-cpu.dir/ggml-cpu/amx/amx.cpp.o
[ 15%] Building CXX object whisper/ggml/src/CMakeFiles/ggml-cpu.dir/ggml-cpu/amx/mmq.cpp.o
[ 16%] Building CXX object whisper/ggml/src/CMakeFiles/ggml-cpu.dir/ggml-cpu/binary-ops.cpp.o
[ 16%] Building CXX object tesseract/CMakeFiles/libtesseract.dir/src/ccmain/linerec.cpp.o
[ 16%] Building CXX object whisper/ggml/src/CMakeFiles/ggml-cpu.dir/ggml-cpu/unary-ops.cpp.o
[ 17%] Building CXX object tesseract/CMakeFiles/libtesseract.dir/src/ccmain/ltrresultiterator.cpp.o
[ 18%] Building CXX object tesseract/CMakeFiles/libtesseract.dir/src/ccmain/mutableiterator.cpp.o
[ 19%] Building CXX object whisper/ggml/src/CMakeFiles/ggml-cpu.dir/ggml-cpu/vec.cpp.o
[ 19%] Building CXX object tesseract/CMakeFiles/libtesseract.dir/src/ccmain/output.cpp.o
[ 19%] Building CXX object whisper/ggml/src/CMakeFiles/ggml-cpu.dir/ggml-cpu/ops.cpp.o
[ 20%] Building CXX object tesseract/CMakeFiles/libtesseract.dir/src/ccmain/pageiterator.cpp.o
[ 20%] Building CXX object tesseract/CMakeFiles/libtesseract.dir/src/ccmain/pagesegmain.cpp.o
[ 21%] Building CXX object tesseract/CMakeFiles/libtesseract.dir/src/ccmain/pagewalk.cpp.o
[ 22%] Building C object whisper/ggml/src/CMakeFiles/ggml-cpu.dir/ggml-cpu/arch/arm/quants.c.o
[ 22%] Building CXX object tesseract/CMakeFiles/libtesseract.dir/src/ccmain/paragraphs.cpp.o
[ 22%] Building CXX object whisper/ggml/src/CMakeFiles/ggml-cpu.dir/ggml-cpu/arch/arm/repack.cpp.o
[ 23%] Linking CXX static library libggml-cpu.a
[ 23%] Built target ggml-cpu
[ 24%] Building CXX object tesseract/CMakeFiles/libtesseract.dir/src/ccmain/paramsd.cpp.o
[ 24%] Building CXX object whisper/ggml/src/CMakeFiles/ggml.dir/ggml-backend-reg.cpp.o
[ 25%] Linking CXX static library libggml.a
[ 25%] Built target ggml
[ 26%] Building CXX object whisper/src/CMakeFiles/whisper.dir/whisper.cpp.o
[ 26%] Building CXX object tesseract/CMakeFiles/libtesseract.dir/src/ccmain/pgedit.cpp.o
[ 27%] Building CXX object tesseract/CMakeFiles/libtesseract.dir/src/ccmain/reject.cpp.o
[ 28%] Building CXX object tesseract/CMakeFiles/libtesseract.dir/src/ccmain/resultiterator.cpp.o
[ 28%] Building CXX object tesseract/CMakeFiles/libtesseract.dir/src/ccmain/tessedit.cpp.o
[ 29%] Building CXX object tesseract/CMakeFiles/libtesseract.dir/src/ccmain/tesseractclass.cpp.o
[ 29%] Building CXX object tesseract/CMakeFiles/libtesseract.dir/src/ccmain/tessvars.cpp.o
[ 30%] Building CXX object tesseract/CMakeFiles/libtesseract.dir/src/ccmain/thresholder.cpp.o
[ 30%] Building CXX object tesseract/CMakeFiles/libtesseract.dir/src/ccmain/werdit.cpp.o
[ 31%] Building CXX object tesseract/CMakeFiles/libtesseract.dir/src/ccstruct/blamer.cpp.o
[ 31%] Building CXX object tesseract/CMakeFiles/libtesseract.dir/src/ccstruct/blobbox.cpp.o
[ 32%] Building CXX object tesseract/CMakeFiles/libtesseract.dir/src/ccstruct/blobs.cpp.o
[ 33%] Linking CXX static library libwhisper.a
[ 33%] Built target whisper
[ 34%] Building CXX object tesseract/CMakeFiles/libtesseract.dir/src/ccstruct/blread.cpp.o
[ 34%] Building CXX object tesseract/CMakeFiles/libtesseract.dir/src/ccstruct/boxread.cpp.o
[ 35%] Building CXX object tesseract/CMakeFiles/libtesseract.dir/src/ccstruct/boxword.cpp.o
[ 35%] Building CXX object tesseract/CMakeFiles/libtesseract.dir/src/ccstruct/coutln.cpp.o
[ 36%] Building CXX object tesseract/CMakeFiles/libtesseract.dir/src/ccstruct/detlinefit.cpp.o
[ 36%] Building CXX object tesseract/CMakeFiles/libtesseract.dir/src/ccstruct/dppoint.cpp.o
[ 37%] Building CXX object tesseract/CMakeFiles/libtesseract.dir/src/ccstruct/image.cpp.o
[ 37%] Building CXX object tesseract/CMakeFiles/libtesseract.dir/src/ccstruct/imagedata.cpp.o
[ 38%] Building CXX object tesseract/CMakeFiles/libtesseract.dir/src/ccstruct/linlsq.cpp.o
[ 39%] Building CXX object tesseract/CMakeFiles/libtesseract.dir/src/ccstruct/matrix.cpp.o
[ 39%] Building CXX object tesseract/CMakeFiles/libtesseract.dir/src/ccstruct/mod128.cpp.o
[ 40%] Building CXX object tesseract/CMakeFiles/libtesseract.dir/src/ccstruct/normalis.cpp.o
[ 40%] Building CXX object tesseract/CMakeFiles/libtesseract.dir/src/ccstruct/ocrblock.cpp.o
[ 41%] Building CXX object tesseract/CMakeFiles/libtesseract.dir/src/ccstruct/ocrpara.cpp.o
[ 41%] Building CXX object tesseract/CMakeFiles/libtesseract.dir/src/ccstruct/ocrrow.cpp.o
[ 42%] Building CXX object tesseract/CMakeFiles/libtesseract.dir/src/ccstruct/otsuthr.cpp.o
[ 42%] Building CXX object tesseract/CMakeFiles/libtesseract.dir/src/ccstruct/pageres.cpp.o
[ 43%] Building CXX object tesseract/CMakeFiles/libtesseract.dir/src/ccstruct/pdblock.cpp.o
[ 43%] Building CXX object tesseract/CMakeFiles/libtesseract.dir/src/ccstruct/points.cpp.o
[ 44%] Building CXX object tesseract/CMakeFiles/libtesseract.dir/src/ccstruct/polyblk.cpp.o
[ 45%] Building CXX object tesseract/CMakeFiles/libtesseract.dir/src/ccstruct/quadlsq.cpp.o
[ 45%] Building CXX object tesseract/CMakeFiles/libtesseract.dir/src/ccstruct/quspline.cpp.o
[ 46%] Building CXX object tesseract/CMakeFiles/libtesseract.dir/src/ccstruct/ratngs.cpp.o
[ 46%] Building CXX object tesseract/CMakeFiles/libtesseract.dir/src/ccstruct/rect.cpp.o
[ 47%] Building CXX object tesseract/CMakeFiles/libtesseract.dir/src/ccstruct/rejctmap.cpp.o
[ 47%] Building CXX object tesseract/CMakeFiles/libtesseract.dir/src/ccstruct/seam.cpp.o
[ 48%] Building CXX object tesseract/CMakeFiles/libtesseract.dir/src/ccstruct/split.cpp.o
[ 48%] Building CXX object tesseract/CMakeFiles/libtesseract.dir/src/ccstruct/statistc.cpp.o
[ 49%] Building CXX object tesseract/CMakeFiles/libtesseract.dir/src/ccstruct/stepblob.cpp.o
[ 50%] Building CXX object tesseract/CMakeFiles/libtesseract.dir/src/ccstruct/werd.cpp.o
[ 50%] Building CXX object tesseract/CMakeFiles/libtesseract.dir/src/ccutil/ccutil.cpp.o
[ 51%] Building CXX object tesseract/CMakeFiles/libtesseract.dir/src/ccutil/errcode.cpp.o
[ 51%] Building CXX object tesseract/CMakeFiles/libtesseract.dir/src/ccutil/params.cpp.o
[ 52%] Building CXX object tesseract/CMakeFiles/libtesseract.dir/src/ccutil/scanutils.cpp.o
[ 52%] Building CXX object tesseract/CMakeFiles/libtesseract.dir/src/ccutil/serialis.cpp.o
[ 53%] Building CXX object tesseract/CMakeFiles/libtesseract.dir/src/ccutil/tessdatamanager.cpp.o
[ 53%] Building CXX object tesseract/CMakeFiles/libtesseract.dir/src/ccutil/tprintf.cpp.o
[ 54%] Building CXX object tesseract/CMakeFiles/libtesseract.dir/src/ccutil/unichar.cpp.o
[ 55%] Building CXX object tesseract/CMakeFiles/libtesseract.dir/src/ccutil/unicharcompress.cpp.o
[ 55%] Building CXX object tesseract/CMakeFiles/libtesseract.dir/src/ccutil/unicharmap.cpp.o
[ 56%] Building CXX object tesseract/CMakeFiles/libtesseract.dir/src/ccutil/unicharset.cpp.o
[ 56%] Building CXX object tesseract/CMakeFiles/libtesseract.dir/src/classify/classify.cpp.o
[ 57%] Building CXX object tesseract/CMakeFiles/libtesseract.dir/src/cutil/oldlist.cpp.o
[ 57%] Building CXX object tesseract/CMakeFiles/libtesseract.dir/src/dict/context.cpp.o
[ 58%] Building CXX object tesseract/CMakeFiles/libtesseract.dir/src/dict/dawg.cpp.o
[ 58%] Building CXX object tesseract/CMakeFiles/libtesseract.dir/src/dict/dawg_cache.cpp.o
[ 59%] Building CXX object tesseract/CMakeFiles/libtesseract.dir/src/dict/dict.cpp.o
[ 60%] Building CXX object tesseract/CMakeFiles/libtesseract.dir/src/dict/stopper.cpp.o
[ 60%] Building CXX object tesseract/CMakeFiles/libtesseract.dir/src/dict/trie.cpp.o
[ 61%] Building CXX object tesseract/CMakeFiles/libtesseract.dir/src/lstm/convolve.cpp.o
[ 61%] Building CXX object tesseract/CMakeFiles/libtesseract.dir/src/lstm/fullyconnected.cpp.o
[ 62%] Building CXX object tesseract/CMakeFiles/libtesseract.dir/src/lstm/functions.cpp.o
[ 62%] Building CXX object tesseract/CMakeFiles/libtesseract.dir/src/lstm/input.cpp.o
[ 63%] Building CXX object tesseract/CMakeFiles/libtesseract.dir/src/lstm/lstm.cpp.o
[ 63%] Building CXX object tesseract/CMakeFiles/libtesseract.dir/src/lstm/lstmrecognizer.cpp.o
[ 64%] Building CXX object tesseract/CMakeFiles/libtesseract.dir/src/lstm/maxpool.cpp.o
[ 64%] Building CXX object tesseract/CMakeFiles/libtesseract.dir/src/lstm/network.cpp.o
[ 65%] Building CXX object tesseract/CMakeFiles/libtesseract.dir/src/lstm/networkio.cpp.o
[ 66%] Building CXX object tesseract/CMakeFiles/libtesseract.dir/src/lstm/parallel.cpp.o
[ 66%] Building CXX object tesseract/CMakeFiles/libtesseract.dir/src/lstm/plumbing.cpp.o
[ 67%] Building CXX object tesseract/CMakeFiles/libtesseract.dir/src/lstm/recodebeam.cpp.o
[ 67%] Building CXX object tesseract/CMakeFiles/libtesseract.dir/src/lstm/reconfig.cpp.o
[ 68%] Building CXX object tesseract/CMakeFiles/libtesseract.dir/src/lstm/reversed.cpp.o
[ 68%] Building CXX object tesseract/CMakeFiles/libtesseract.dir/src/lstm/series.cpp.o
[ 69%] Building CXX object tesseract/CMakeFiles/libtesseract.dir/src/lstm/stridemap.cpp.o
[ 69%] Building CXX object tesseract/CMakeFiles/libtesseract.dir/src/lstm/weightmatrix.cpp.o
[ 70%] Building CXX object tesseract/CMakeFiles/libtesseract.dir/src/textord/alignedblob.cpp.o
[ 71%] Building CXX object tesseract/CMakeFiles/libtesseract.dir/src/textord/baselinedetect.cpp.o
[ 71%] Building CXX object tesseract/CMakeFiles/libtesseract.dir/src/textord/bbgrid.cpp.o
[ 72%] Building CXX object tesseract/CMakeFiles/libtesseract.dir/src/textord/blkocc.cpp.o
[ 72%] Building CXX object tesseract/CMakeFiles/libtesseract.dir/src/textord/blobgrid.cpp.o
[ 73%] Building CXX object tesseract/CMakeFiles/libtesseract.dir/src/textord/ccnontextdetect.cpp.o
[ 73%] Building CXX object tesseract/CMakeFiles/libtesseract.dir/src/textord/cjkpitch.cpp.o
[ 74%] Building CXX object tesseract/CMakeFiles/libtesseract.dir/src/textord/colfind.cpp.o
[ 74%] Building CXX object tesseract/CMakeFiles/libtesseract.dir/src/textord/colpartition.cpp.o
[ 75%] Building CXX object tesseract/CMakeFiles/libtesseract.dir/src/textord/colpartitiongrid.cpp.o
[ 76%] Building CXX object tesseract/CMakeFiles/libtesseract.dir/src/textord/colpartitionset.cpp.o
[ 76%] Building CXX object tesseract/CMakeFiles/libtesseract.dir/src/textord/devanagari_processing.cpp.o
[ 77%] Building CXX object tesseract/CMakeFiles/libtesseract.dir/src/textord/drawtord.cpp.o
[ 77%] Building CXX object tesseract/CMakeFiles/libtesseract.dir/src/textord/edgblob.cpp.o
[ 78%] Building CXX object tesseract/CMakeFiles/libtesseract.dir/src/textord/edgloop.cpp.o
[ 78%] Building CXX object tesseract/CMakeFiles/libtesseract.dir/src/textord/equationdetectbase.cpp.o
[ 79%] Building CXX object tesseract/CMakeFiles/libtesseract.dir/src/textord/fpchop.cpp.o
[ 79%] Building CXX object tesseract/CMakeFiles/libtesseract.dir/src/textord/gap_map.cpp.o
[ 80%] Building CXX object tesseract/CMakeFiles/libtesseract.dir/src/textord/imagefind.cpp.o
[ 81%] Building CXX object tesseract/CMakeFiles/libtesseract.dir/src/textord/linefind.cpp.o
[ 81%] Building CXX object tesseract/CMakeFiles/libtesseract.dir/src/textord/makerow.cpp.o
[ 82%] Building CXX object tesseract/CMakeFiles/libtesseract.dir/src/textord/oldbasel.cpp.o
[ 82%] Building CXX object tesseract/CMakeFiles/libtesseract.dir/src/textord/pithsync.cpp.o
[ 83%] Building CXX object tesseract/CMakeFiles/libtesseract.dir/src/textord/pitsync1.cpp.o
[ 83%] Building CXX object tesseract/CMakeFiles/libtesseract.dir/src/textord/scanedg.cpp.o
[ 84%] Building CXX object tesseract/CMakeFiles/libtesseract.dir/src/textord/sortflts.cpp.o
[ 84%] Building CXX object tesseract/CMakeFiles/libtesseract.dir/src/textord/strokewidth.cpp.o
[ 85%] Building CXX object tesseract/CMakeFiles/libtesseract.dir/src/textord/tabfind.cpp.o
[ 85%] Building CXX object tesseract/CMakeFiles/libtesseract.dir/src/textord/tablefind.cpp.o
[ 86%] Building CXX object tesseract/CMakeFiles/libtesseract.dir/src/textord/tablerecog.cpp.o
[ 87%] Building CXX object tesseract/CMakeFiles/libtesseract.dir/src/textord/tabvector.cpp.o
[ 87%] Building CXX object tesseract/CMakeFiles/libtesseract.dir/src/textord/textlineprojection.cpp.o
[ 88%] Building CXX object tesseract/CMakeFiles/libtesseract.dir/src/textord/textord.cpp.o
[ 88%] Building CXX object tesseract/CMakeFiles/libtesseract.dir/src/textord/topitch.cpp.o
[ 89%] Building CXX object tesseract/CMakeFiles/libtesseract.dir/src/textord/tordmain.cpp.o
[ 89%] Building CXX object tesseract/CMakeFiles/libtesseract.dir/src/textord/tospace.cpp.o
[ 90%] Building CXX object tesseract/CMakeFiles/libtesseract.dir/src/textord/tovars.cpp.o
[ 90%] Building CXX object tesseract/CMakeFiles/libtesseract.dir/src/textord/underlin.cpp.o
[ 91%] Building CXX object tesseract/CMakeFiles/libtesseract.dir/src/textord/wordseg.cpp.o
[ 92%] Building CXX object tesseract/CMakeFiles/libtesseract.dir/src/textord/workingpartset.cpp.o
[ 92%] Building CXX object tesseract/CMakeFiles/libtesseract.dir/src/viewer/scrollview.cpp.o
[ 93%] Building CXX object tesseract/CMakeFiles/libtesseract.dir/src/viewer/svmnode.cpp.o
[ 93%] Building CXX object tesseract/CMakeFiles/libtesseract.dir/src/viewer/svutil.cpp.o
[ 94%] Building CXX object tesseract/CMakeFiles/libtesseract.dir/src/wordrec/tface.cpp.o
[ 94%] Building CXX object tesseract/CMakeFiles/libtesseract.dir/src/wordrec/wordrec.cpp.o
[ 95%] Building CXX object tesseract/CMakeFiles/libtesseract.dir/src/arch/dotproduct.cpp.o
[ 95%] Building CXX object tesseract/CMakeFiles/libtesseract.dir/src/arch/simddetect.cpp.o
[ 96%] Building CXX object tesseract/CMakeFiles/libtesseract.dir/src/arch/intsimdmatrix.cpp.o
[ 97%] Building CXX object tesseract/CMakeFiles/libtesseract.dir/src/arch/dotproductneon.cpp.o
[ 97%] Building CXX object tesseract/CMakeFiles/libtesseract.dir/src/arch/intsimdmatrixneon.cpp.o
[ 98%] Linking CXX static library libtesseract.a
[ 98%] Built target libtesseract
[ 98%] Building CXX object CMakeFiles/pocketlore_attachments.dir/attachments.cpp.o
In file included from /home/isa/Projects/PocketLore/android/attachments-native/attachments.cpp:2:
/home/isa/Projects/PocketLore/downloads/attachments/tesseract/include/tesseract/baseapi.h:30:10: fatal error: 'tesseract/version.h' file not found
   30 | #include <tesseract/version.h>
      |          ^~~~~~~~~~~~~~~~~~~~~
1 error generated.
make[3]: *** [CMakeFiles/pocketlore_attachments.dir/build.make:76: CMakeFiles/pocketlore_attachments.dir/attachments.cpp.o] Error 1
make[2]: *** [CMakeFiles/Makefile2:194: CMakeFiles/pocketlore_attachments.dir/all] Error 2
make[1]: *** [CMakeFiles/Makefile2:201: CMakeFiles/pocketlore_attachments.dir/rule] Error 2
make: *** [Makefile:169: pocketlore_attachments] Error 2
