monument Q178114 Washington Monument {'language': 'en', 'value': 'obelisk on the National Mall in Washington, D.C.'} [{'latitude': 38.889475, 'longitude': -77.035244444444, 'altitude': None, 'precision': 2.7777777777778e-06, 'globe': 'http://www.wikidata.org/entity/Q2'}]
monument Q213559 Lincoln Memorial {'language': 'en', 'value': 'memorial in Washington, D.C., United States'} [{'latitude': 38.889277777778, 'longitude': -77.050138888889, 'altitude': None, 'precision': 2.7777777777778e-05, 'globe': 'http://www.wikidata.org/entity/Q2'}]
monument Q326183 Jefferson Memorial {'language': 'en', 'value': 'memorial in Washington, D.C., United States'} [{'latitude': 38.881388888888885, 'longitude': -77.03666666666666, 'altitude': None, 'precision': 0.0002777777777777778, 'globe': 'http://www.wikidata.org/entity/Q2'}]
monument Q708847 Korean War Veterans Memorial {'language': 'en', 'value': 'national memorial in Washington, D.C., United States'} [{'latitude': 38.887778, 'longitude': -77.047222, 'altitude': None, 'precision': 0.0001, 'globe': 'http://www.wikidata.org/entity/Q2'}]
monument Q713628 Vietnam Veterans Memorial {'language': 'en', 'value': 'US national memorial in Washington, D.C.'} [{'latitude': 38.891111111111, 'longitude': -77.047777777778, 'altitude': None, 'precision': 0.00027777777777778, 'globe': 'http://www.wikidata.org/entity/Q2'}]
monument Q1470020 World War II Memorial {'language': 'en', 'value': 'war memorial in Washington, D.C., United States'} [{'latitude': 38.88944444444444, 'longitude': -77.04055555555556, 'altitude': None, 'precision': 0.0002777777777777778, 'globe': 'http://www.wikidata.org/entity/Q2'}]
monument Q592198 Franklin Delano Roosevelt Memorial {'language': 'en', 'value': 'national memorial honoring Franklin Delano Roosevelt'} [{'latitude': 38.88388889, 'longitude': -77.04444444, 'altitude': None, 'precision': 0.00027777777777778, 'globe': 'http://www.wikidata.org/entity/Q2'}]
monument Q536802 Martin Luther King, Jr. Memorial {'language': 'en', 'value': 'memorial located in West Potomac Park in Washington, D.C.'} [{'latitude': 38.886111, 'longitude': -77.044167, 'altitude': None, 'precision': 0.0001, 'globe': 'http://www.wikidata.org/entity/Q2'}, {'latitude': 38.886388888889, 'longitude': -77.044166666667, 'altitude': None, 'precision': 0.00027777777777778, 'globe': 'http://www.wikidata.org/entity/Q2'}]
museum Q148554 National Museum of Natural History {'language': 'en', 'value': 'natural history museum in Washington, D.C.'} [{'latitude': 38.8913, 'longitude': -77.0259, 'altitude': None, 'precision': 0.0001, 'globe': 'http://www.wikidata.org/entity/Q2'}]
FAIL Q214867 'en'
museum Q148584 National Museum of American History {'language': 'en', 'value': 'history museum in Washington, D.C., a division of the Smithsonian Institution'} [{'latitude': 38.89111111111111, 'longitude': -77.03, 'altitude': None, 'precision': 0.0002777777777777778, 'globe': 'http://www.wikidata.org/entity/Q2'}]
museum Q752669 National Air and Space Museum {'language': 'en', 'value': 'aerospace museum in Washington, D.C.'} [{'latitude': 38.888333333333335, 'longitude': -77.02, 'altitude': None, 'precision': 0.0002777777777777778, 'globe': 'http://www.wikidata.org/entity/Q2'}]
museum Q1620553 Hirshhorn Museum and Sculpture Garden {'language': 'en', 'value': 'art museum in Washington, D.C., a division of the Smithsonian Institution'} [{'latitude': 38.888161, 'longitude': -77.022968, 'altitude': None, 'precision': 1e-06, 'globe': 'http://www.wikidata.org/entity/Q2'}]
museum Q3073495 National Museum of African American History and Culture {'language': 'en', 'value': 'museum in Washington, D.C., a division of the Smithsonian Institution'} [{'latitude': 38.89111111111111, 'longitude': -77.03277777777778, 'altitude': None, 'precision': 0.0002777777777777778, 'globe': 'http://www.wikidata.org/entity/Q2'}]
museum Q624008 National Building Museum {'language': 'en', 'value': 'museum in Washington, D.C.'} [{'latitude': 38.8975, 'longitude': -77.018056, 'altitude': None, 'precision': 0.0001, 'globe': 'http://www.wikidata.org/entity/Q2'}]
museum Q861608 National Museum of Women in the Arts {'language': 'en', 'value': 'art museum in Washington, D.C., United States'} [{'latitude': 38.900051, 'longitude': -77.029315, 'altitude': None, 'precision': 1e-06, 'globe': 'http://www.wikidata.org/entity/Q2'}]
museum Q3798323 DAR Museum {'language': 'en', 'value': 'museum in Washington, D.C.'} [{'latitude': 38.893608, 'longitude': -77.039716, 'altitude': None, 'precision': 1e-06, 'globe': 'http://www.wikidata.org/entity/Q2'}]
park-garden Q465811 National Mall {'language': 'en', 'value': 'park in Washington, D.C.'} [{'latitude': 38.88944444444444, 'longitude': -77.02305555555556, 'altitude': None, 'precision': 0.0002777777777777778, 'globe': 'http://www.wikidata.org/entity/Q2'}]
park-garden Q6471523 Lafayette Square {'language': 'en', 'value': 'urban park and square in Washington, D.C.'} [{'latitude': 38.8995, 'longitude': -77.0366, 'altitude': None, 'precision': 0.0001, 'globe': 'http://www.wikidata.org/entity/Q2'}]
park-garden Q1848855 United States Botanic Garden {'language': 'en', 'value': 'botanical garden in Washington, DC'} [{'latitude': 38.888, 'longitude': -77.013, 'altitude': None, 'precision': 0.001, 'globe': 'http://www.wikidata.org/entity/Q2'}]
civic Q54109 United States Capitol {'language': 'en', 'value': 'meeting place of the United States Congress'} [{'latitude': 38.889722222222225, 'longitude': -77.00916666666667, 'altitude': None, 'precision': 0.0002777777777777778, 'globe': 'http://www.wikidata.org/entity/Q2'}]
civic Q1579670 United States Supreme Court Building {'language': 'en', 'value': 'seat of the Supreme Court of the United States of America'} [{'latitude': 38.8905, 'longitude': -77.0045, 'altitude': None, 'precision': 0.00027777777777778, 'globe': 'http://www.wikidata.org/entity/Q2'}]
civic Q35525 White House {'language': 'en', 'value': 'official residence and office of the President of the United States'} [{'latitude': 38.897777777777776, 'longitude': -77.03666666666666, 'altitude': None, 'precision': 0.0002777777777777778, 'globe': 'http://www.wikidata.org/entity/Q2'}]
