Q178114 Washington Monument
Q213559 Lincoln Memorial
Q326183 Jefferson Memorial
Q708847 Korean War Veterans Memorial
Q713628 Vietnam Veterans Memorial
Q1470020 World War II Memorial
Q592198 Franklin Delano Roosevelt Memorial
Q536802 Martin Luther King, Jr. Memorial
Q148554 National Museum of Natural History
Q214867 National Gallery of Art
Q148584 National Museum of American History
Q752669 National Air and Space Museum
Q1620553 Hirshhorn Museum and Sculpture Garden
Q3073495 National Museum of African American History and Culture
Q624008 National Building Museum
Q861608 National Museum of Women in the Arts
Q3798323 DAR Museum
Q1075126 Freer Gallery of Art
Q1967614 National Portrait Gallery
Q465811 National Mall
Q6471523 Lafayette Square
Q1848855 United States Botanic Garden
Q54109 United States Capitol
Q1579670 United States Supreme Court Building
Q35525 White House
