{
  "format": "pocketlore-compact-article-v1",
  "source_admission_established": false,
  "distribution_ready": false,
  "status": "ENGINEERING_COMPLETE_PROVISIONAL",
  "sequence_ceiling": 5999,
  "source_stage": "/home/isa/PocketLore-control/overnight-20261005/source-original-staging/run-originals/original-records.sqlite",
  "source_scope": "committed provisional range, not full archive",
  "pid": 67,
  "preflight": {
    "memory": {
      "MemTotal": 33421807616,
      "MemAvailable": 2606776320
    },
    "free_bytes": 458562899968
  },
  "counts": {
    "dispositions": 6000,
    "latest": 5999,
    "articles": 5944,
    "passages": 15752,
    "candidate_articles_not_admitted": 40
  },
  "source_code_sha256": "644d84c9f3c639327a92bed08719fe7b6656ab6af52e269a9946e937516b5c9b",
  "records": 6000,
  "original_chain_sha256": "b7277d78a931d115b2c2ad7e41144274ef30c159b5fabab6d3400f138b550add",
  "rss_max_kib": 60864,
  "disposition_counts": {
    "excluded": 55,
    "superseded": 1,
    "transformed": 5944
  },
  "license_counts": {
    "CC-BY-SA-3.0": 5944
  },
  "schema_storage_bytes": {
    "articles": 35627008,
    "candidates": 4096,
    "disposition_page": 106496,
    "dispositions": 856064,
    "latest": 651264,
    "passage_page": 192512,
    "passages": 1327104,
    "search_config": 4096,
    "search_data": 6193152,
    "search_idx": 28672,
    "sqlite_autoindex_articles_1": 77824,
    "sqlite_autoindex_passages_1": 229376,
    "sqlite_schema": 4096
  },
  "index_bytes": 45301760,
  "seconds": 55.97722358600004,
  "index_sha256": "2469ac262e973296b87b8444240bcdf17e16484076d23600a4d337fb5e9b9d53"
}
