{
  "format": "pocketlore-compact-article-v1",
  "source_admission_established": false,
  "distribution_ready": false,
  "status": "ENGINEERING_COMPLETE_PROVISIONAL",
  "sequence_ceiling": 5999,
  "source_stage": "/home/isa/PocketLore-control/overnight-20261005/source-original-staging/run-originals/original-records.sqlite",
  "source_scope": "committed provisional range, not full archive",
  "pid": 4,
  "preflight": {
    "memory": {
      "MemTotal": 33421807616,
      "MemAvailable": 2729070592
    },
    "free_bytes": 461011861504
  },
  "counts": {
    "dispositions": 6000,
    "latest": 5999,
    "articles": 5944,
    "passages": 15752,
    "candidate_articles_not_admitted": 40
  },
  "source_code_sha256": "0a256128ca6524e91c5a278b58f81e191fc7fd9fd71b52768bf43d74755cc2a6",
  "records": 6000,
  "original_chain_sha256": "b7277d78a931d115b2c2ad7e41144274ef30c159b5fabab6d3400f138b550add",
  "rss_max_kib": 63780,
  "disposition_counts": {
    "excluded": 55,
    "superseded": 1,
    "transformed": 5944
  },
  "license_counts": {
    "CC-BY-SA-3.0": 5944
  },
  "schema_storage_bytes": {
    "articles": 61214720,
    "candidates": 4096,
    "disposition_page": 106496,
    "dispositions": 856064,
    "latest": 651264,
    "passage_page": 192512,
    "passages": 1327104,
    "search_docsize": 81920,
    "search_segdir": 4096,
    "search_segments": 16588800,
    "search_stat": 4096,
    "sqlite_autoindex_articles_1": 77824,
    "sqlite_autoindex_passages_1": 229376,
    "sqlite_autoindex_search_segdir_1": 4096,
    "sqlite_schema": 4096
  },
  "index_bytes": 81346560,
  "seconds": 55.82024364999961,
  "index_sha256": "b7b18e525e50326ddefb3ef59816c433c0e728521e481aded7b0aa0c327b8909"
}
