osm-compact-build passed
osm-compact-exhaustive-checks passed
enrichment-source-checks passed
measured-baseline-comparison passed
Traceback (most recent call last):
  File "/home/isa/PocketLore-control/scale-workers/places/repo/tools/scale/places/complete_work.py", line 27, in <module>
    run('final-fixture-checks',['-m','unittest','discover','-s','tools/scale/places','-p','test_*.py','-v'])
  File "/home/isa/PocketLore-control/scale-workers/places/repo/tools/scale/places/complete_work.py", line 12, in run
    fingerprint=hashlib.sha256(json.dumps(args).encode()+b''.join(pathlib.Path(x).read_bytes() for x in args if x.endswith('.py'))).hexdigest()
                                                         ^^^^^^^^^^^^^^^^^^^^^^^^^^^^^^^^^^^^^^^^^^^^^^^^^^^^^^^^^^^^^^^^^^^^^^^^^
  File "/home/isa/PocketLore-control/scale-workers/places/repo/tools/scale/places/complete_work.py", line 12, in <genexpr>
    fingerprint=hashlib.sha256(json.dumps(args).encode()+b''.join(pathlib.Path(x).read_bytes() for x in args if x.endswith('.py'))).hexdigest()
                                                                  ^^^^^^^^^^^^^^^^^^^^^^^^^^^^
  File "/home/isa/.local/share/uv/python/cpython-3.12.14-linux-x86_64-gnu/lib/python3.12/pathlib.py", line 1019, in read_bytes
    with self.open(mode='rb') as f:
         ^^^^^^^^^^^^^^^^^^^^
  File "/home/isa/.local/share/uv/python/cpython-3.12.14-linux-x86_64-gnu/lib/python3.12/pathlib.py", line 1013, in open
    return io.open(self, mode, buffering, encoding, errors, newline)
           ^^^^^^^^^^^^^^^^^^^^^^^^^^^^^^^^^^^^^^^^^^^^^^^^^^^^^^^^^
FileNotFoundError: [Errno 2] No such file or directory: 'test_*.py'
