{
  "status": "PASS",
  "serial": "emulator-5560",
  "artifacts": {
    "app-debug.apk": {
      "bytes": 22702878,
      "sha256": "9c71a32dbc2deac3d650c6849a335379bd2b005c1516437c613bcd0fcff7dd70"
    },
    "app-debug-androidTest.apk": {
      "bytes": 446110,
      "sha256": "c449378386faa65ed9fecea05ba4b04071f0ab24e89d8da1724a1a726563ef7c"
    }
  },
  "reports": [
    {
      "mode": "default",
      "sha256": "819574461d0f43afeb108c3fd0cc29fc4ffe87c5d52a1d508b5044a467ff75ca",
      "checks": 112
    },
    {
      "mode": "large",
      "sha256": "11de2ceb23c630ef9d2123a4ada3c69b0b71cbcff552cb03bf50f4c13c08768c",
      "checks": 112
    }
  ],
  "cold_restart": true,
  "saved_assets_unchanged": true,
  "native_payloads_unchanged": true,
  "configured_gradle": "2 workers /2GiB heap; not measured total peak",
  "output": "/home/isa/Projects/PocketLore/downloads/product-ui/runs/20261002T014357Z"
}
