/home/isa/Projects/PocketLore/downloads/synthesis/run-20261001T010029Z
{
  "status": "PASS",
  "checks": {
    "prior_published_failure_rejected": true,
    "case_identity": true,
    "model_identity": true,
    "pack_identity": true,
    "comparison_route": true,
    "comparison_budget": true,
    "comparison_citations": true,
    "comparison_multiple_sources": true,
    "explanation_route": true,
    "explanation_budget": true,
    "explanation_citations": true,
    "synthesis_route": true,
    "synthesis_budget": true,
    "synthesis_citations": true,
    "synthesis_multiple_sources": true,
    "conditions_route": true,
    "conditions_budget": true,
    "conditions_citations": true,
    "absent_route": true,
    "absent_budget": true,
    "conflict-fixture_route": true,
    "conflict-fixture_budget": true,
    "comparison_no_cooling_transfer": true,
    "comparison_phase_directions": true,
    "explanation_heat_removal": true,
    "synthesis_no_destination_transfer": true,
    "synthesis_no_recharge_well_transfer": true,
    "synthesis_supported_or_specifically_withheld": true,
    "synthesis_no_published_temporal_transfer": true,
    "conditions_scope_qualifiers": true,
    "conflict_fixture_safe_disclosure": true,
    "native_budget_and_cancel": true,
    "generated_claim_links": true
  },
  "scope": "Real JNI generation and bounded publication safety; specifically withheld synthesis is not successful generated synthesis",
  "routes": {
    "comparison": "GENERATED",
    "explanation": "GENERATED",
    "synthesis": "FALLBACK",
    "conditions": "GENERATED",
    "absent": "ABSTAINED",
    "conflict-fixture": "FALLBACK"
  },
  "synthesis_generated": false,
  "apk_sha256": "a47d90ab6d31d387a0b93fc025cba3c7ac36a4da5590a0048af86d970785559f",
  "results_sha256": "7b9fb76aef16f0e73b0859a08b1f2b84ca90800f809a6f26d0b49b9495e94fd7",
  "fixture_sha256": "1eb30aa083e9f34be45b13ee09a67c7c7442d67a2ff81050b2d92b248450840e",
  "test_apk_sha256": "7c61415ec9c92844b5c68248610f277513edc1d0eada1571506b7b33d233fc92"
}
