PASS exact constructed binding, not semantic proof
PASS untrusted authority
PASS changed draft
PASS changed question
PASS changed source field 0
PASS changed source field 1
PASS changed source field 2
PASS changed source field 3
PASS changed source field 4
PASS changed source field 5
PASS changed collection revision
PASS changed license bytes
PASS incomplete obligation
PASS absent is not useful answer
PASS unreviewed tail
PASS unreviewed prefix
PASS overlap
PASS missing source
PASS invalid source offset
PASS split source surrogate pair
PASS unsupported full draft
PASS nonfactual cannot certify answer
PASS whitespace-only evidence
PASS wrong-neighbor visible citation
PASS split citation cannot evade source binding
PASS source order
PASS cancellation
PASS invalid UTF16 hash identity
PASS 28 structural review controls; no generated usefulness or trusted production authority inferred
Review contract only: no production authority, semantic support or selected-model Android proof
