PASS exact constructed binding, not semantic proof
PASS untrusted authority
PASS changed draft
PASS changed question
PASS changed source field 0
PASS changed source field 1
PASS changed source field 2
PASS changed source field 3
PASS changed source field 4
PASS changed source field 5
PASS changed collection revision
PASS changed license bytes
PASS incomplete obligation
PASS absent is not useful answer
PASS unreviewed tail
PASS unreviewed prefix
PASS overlap
PASS missing source
PASS invalid source offset
PASS split source surrogate pair
PASS unsupported full draft
PASS nonfactual cannot certify answer
PASS whitespace-only evidence
PASS wrong-neighbor visible citation
PASS split citation cannot evade source binding
PASS source order
PASS cancellation
PASS invalid UTF16 hash identity
PASS 28 structural review controls; no generated usefulness or trusted production authority inferred
Review contract only: no production authority, semantic support or selected-model Android proof
PASS: 13 integration/lifecycle controls; test verifier is synthetic and establishes no entailment or Android execution
PASS: actual NativePanel general chat wiring, no finite claims grammar, no qualified production verifier
Recorded unexecuted repository file changed after run: tools/evaluation/check_general_generation.sh
PASS: actual API37 unavailable-verifier UI route, exact artifacts, retention, and corruption rejection; NOT selected-model JNI or quality
PASS: long query windows, bounded full paragraphs, cancellation/retry, duplicate identity, missing citation, no structural promotion
Queries: [Compare the conservation of soil moisture when mulch covers the surface with the reduction in pest and weed pressure across a sequence of different crops; distinguish nutrients from moisture without assuming identical benefits., Compare the conservation of soil moisture when mulch covers the surface with the reduction in pest and weed pressure across a sequence of different crops, distinguish nutrients from moisture without assuming identical benefits., conservation soil moisture mulch covers surface reduction pest weed pressure across sequence, weed pressure across sequence different crops distinguish nutrients moisture without assuming identical, moisture without assuming identical benefits]
reference-432174-c4ba2176e40b85a3	Mulch
reference-7655739-6b17719b6e5462c5	Passive ventilation
reference-46470-5d9b9cd87b755893	Crop rotation
reference-2259607-e908bb7063551eeb	Pickling
reference-991-b62dfff2ee9e6bd1	Absolute value
reference-5739-86ff3287ece77838	Compiler
{"artifact_behavior": "PASS", "negative_controls": ["missing-output", "changed-output", "changed-model-identity", "missing-model"], "scope": "host development; no semantic approval inferred"}
{"product_gates": {"independent_review_present": true, "selected_model_android_jni_ui": false, "general_runtime_support_verifier_qualified": false, "current_complete_distribution_measured": false}, "status": "FAIL", "reason": "Host draft feasibility is not a qualified general supported Android answer path"}
PASS: 11 verdict/transport controls; no entailment or completeness qualification
PASS: real verifier artifacts, fixed decision parser, missing/changed output rejection; semantic result is separately reviewed
{"false_support_approvals": ["g01", "g03", "g06", "g08", "g09"], "incomplete_approvals": ["g01", "g03", "g06"], "supported_complete_educational_retained": ["g02", "g04", "g07", "g10"], "absence_promoted": ["g11", "g12"], "probe_disagreements": [], "status": "FAIL", "production_qualification": false}
